// Jest Snapshot v1, https://goo.gl/fbAQLP

exports[`Pruebas en hookApp Snapshot debe coincidir 1`] = `<hookApp />`;
